[gambolthemes.net/workwise-new/profiles.html]
[backblue.gif]
[fade.gif]
[index.html]
[gambolthemes.net/workwise-new/index.html]
[gambolthemes.net/workwise-new/images/logo.png]
[gambolthemes.net/workwise-new/images/icon1.png]
[gambolthemes.net/workwise-new/companies.html]
[gambolthemes.net/workwise-new/images/icon2.png]
[gambolthemes.net/workwise-new/company-profile.html]
[gambolthemes.net/workwise-new/projects.html]
[gambolthemes.net/workwise-new/images/icon3.png]
[gambolthemes.net/workwise-new/images/icon4.png]
[gambolthemes.net/workwise-new/user-profile.html]
[gambolthemes.net/workwise-new/my-profile-feed.html]
[gambolthemes.net/workwise-new/jobs.html]
[gambolthemes.net/workwise-new/images/icon5.png]
[gambolthemes.net/workwise-new/images/icon6.png]
[gambolthemes.net/workwise-new/images/resources/ny-img1.png]
[gambolthemes.net/workwise-new/messages.html]
[gambolthemes.net/workwise-new/images/resources/ny-img2.png]
[gambolthemes.net/workwise-new/images/resources/ny-img3.png]
[gambolthemes.net/workwise-new/images/icon7.png]
[gambolthemes.net/workwise-new/images/resources/user.png]
[gambolthemes.net/workwise-new/profile-account-setting.html]
[gambolthemes.net/workwise-new/sign-in.html]
[gambolthemes.net/workwise-new/images/resources/pf-icon1.png]
[gambolthemes.net/workwise-new/images/resources/pf-icon2.png]
[gambolthemes.net/workwise-new/images/resources/pf-icon3.png]
[gambolthemes.net/workwise-new/images/resources/pf-icon4.png]
[gambolthemes.net/workwise-new/images/resources/pf-icon5.png]
[gambolthemes.net/workwise-new/images/resources/pf-icon6.png]
[gambolthemes.net/workwise-new/images/resources/pf-icon7.png]
[gambolthemes.net/workwise-new/images/resources/pf-icon8.png]
[gambolthemes.net/workwise-new/images/resources/pf-icon9.png]
[gambolthemes.net/workwise-new/images/resources/pf-icon10.png]
[gambolthemes.net/workwise-new/images/resources/pf-icon11.png]
[gambolthemes.net/workwise-new/images/resources/pf-icon12.png]
[gambolthemes.net/workwise-new/help-center.html]
[gambolthemes.net/workwise-new/about.html]
[gambolthemes.net/workwise-new/forum.html]
[gambolthemes.net/workwise-new/images/copy-icon2.png]
[gambolthemes.net/workwise-new/images/logo2.png]
[gambolthemes.net/workwise-new/js/jquery.min.js]
[gambolthemes.net/workwise-new/js/popper.js]
[gambolthemes.net/workwise-new/js/bootstrap.min.js]
[gambolthemes.net/workwise-new/js/flatpickr.min.js]
[gambolthemes.net/workwise-new/lib/slick/slick.min.js]
[gambolthemes.net/workwise-new/js/script.js]
[gambolthemes.net/workwise-new/profiles.html]
[gambolthemes.net/workwise-new/css/animate.css]
[gambolthemes.net/workwise-new/css/bootstrap.min.css]
[gambolthemes.net/workwise-new/css/flatpickr.min.css]
[gambolthemes.net/workwise-new/fonts/line-awesomeeb4f.eot]
[gambolthemes.net/workwise-new/fonts/line-awesome0176.eot]
[gambolthemes.net/workwise-new/fonts/line-awesomeeb4f.woff2]
[gambolthemes.net/workwise-new/fonts/line-awesomeeb4f.woff]
[gambolthemes.net/workwise-new/fonts/line-awesomeeb4f.ttf]
[gambolthemes.net/workwise-new/css/line-awesome.css]
[gambolthemes.net/workwise-new/css/line-awesome-font-awesome.min.css]
[gambolthemes.net/workwise-new/vendor/fontawesome-free/webfonts/fa-brands-400.eot]
[gambolthemes.net/workwise-new/vendor/fontawesome-free/webfonts/fa-brands-400.woff2]
[gambolthemes.net/workwise-new/vendor/fontawesome-free/webfonts/fa-brands-400d41d.eot]
[gambolthemes.net/workwise-new/vendor/fontawesome-free/webfonts/fa-brands-400.woff]
[gambolthemes.net/workwise-new/vendor/fontawesome-free/webfonts/fa-brands-400.ttf]
[gambolthemes.net/workwise-new/vendor/fontawesome-free/webfonts/fa-regular-400.eot]
[gambolthemes.net/workwise-new/vendor/fontawesome-free/webfonts/fa-regular-400.woff2]
[gambolthemes.net/workwise-new/vendor/fontawesome-free/webfonts/fa-regular-400d41d.eot]
[gambolthemes.net/workwise-new/vendor/fontawesome-free/webfonts/fa-regular-400.woff]
[gambolthemes.net/workwise-new/vendor/fontawesome-free/webfonts/fa-regular-400.ttf]
[gambolthemes.net/workwise-new/vendor/fontawesome-free/webfonts/fa-solid-900.eot]
[gambolthemes.net/workwise-new/vendor/fontawesome-free/webfonts/fa-solid-900d41d.eot]
[gambolthemes.net/workwise-new/vendor/fontawesome-free/webfonts/fa-solid-900.woff2]
[gambolthemes.net/workwise-new/vendor/fontawesome-free/webfonts/fa-solid-900.woff]
[gambolthemes.net/workwise-new/vendor/fontawesome-free/webfonts/fa-solid-900.ttf]
[gambolthemes.net/workwise-new/vendor/fontawesome-free/css/all.min.css]
[gambolthemes.net/workwise-new/fonts/fontawesome-webfont3e6e.eot]
[gambolthemes.net/workwise-new/fonts/fontawesome-webfontd41d.eot]
[gambolthemes.net/workwise-new/fonts/fontawesome-webfont3e6e.woff2]
[gambolthemes.net/workwise-new/fonts/fontawesome-webfont3e6e.woff]
[gambolthemes.net/workwise-new/fonts/fontawesome-webfont3e6e.ttf]
[gambolthemes.net/workwise-new/css/font-awesome.min.css]
[gambolthemes.net/workwise-new/lib/slick/slick.css]
[gambolthemes.net/workwise-new/lib/slick/ajax-loader.gif]
[gambolthemes.net/workwise-new/lib/slick/fonts/slick.eot]
[gambolthemes.net/workwise-new/lib/slick/fonts/slickd41d.eot]
[gambolthemes.net/workwise-new/lib/slick/fonts/slick.woff]
[gambolthemes.net/workwise-new/lib/slick/fonts/slick.ttf]
[gambolthemes.net/workwise-new/lib/slick/slick-theme.css]
[gambolthemes.net/workwise-new/css/style.css]
[gambolthemes.net/workwise-new/css/responsive.css]
[gambolthemes.net/workwise-new/images/resources/user-pic.png]
[gambolthemes.net/workwise-new/images/resources/s1.png]
[gambolthemes.net/workwise-new/images/resources/s2.png]
[gambolthemes.net/workwise-new/images/resources/s3.png]
[gambolthemes.net/workwise-new/images/resources/s4.png]
[gambolthemes.net/workwise-new/images/resources/s5.png]
[gambolthemes.net/workwise-new/images/resources/s6.png]
[gambolthemes.net/workwise-new/images/cp.png]
[gambolthemes.net/workwise-new/images/resources/us-pic.png]
[gambolthemes.net/workwise-new/images/clock.png]
[gambolthemes.net/workwise-new/images/icon8.png]
[gambolthemes.net/workwise-new/images/icon9.png]
[gambolthemes.net/workwise-new/images/liked-img.png]
[gambolthemes.net/workwise-new/images/resources/user1.png]
[gambolthemes.net/workwise-new/images/envelop.png]
[gambolthemes.net/workwise-new/images/resources/user2.png]
[gambolthemes.net/workwise-new/images/resources/user3.png]
[gambolthemes.net/workwise-new/images/resources/us-pc2.png]
[gambolthemes.net/workwise-new/images/resources/bg-img1.png]
[gambolthemes.net/workwise-new/images/resources/bg-img2.png]
[gambolthemes.net/workwise-new/images/resources/bg-img3.png]
[gambolthemes.net/workwise-new/images/resources/bg-img4.png]
[gambolthemes.net/workwise-new/images/wd-logo.png]
[gambolthemes.net/workwise-new/images/resources/usr-img1.png]
[gambolthemes.net/workwise-new/images/resources/us-img1.png]
[gambolthemes.net/workwise-new/images/resources/usr-img2.png]
[gambolthemes.net/workwise-new/images/chat.png]
[gambolthemes.net/workwise-new/images/resources/usy1.png]
[gambolthemes.net/workwise-new/images/smley.png]
[gambolthemes.net/workwise-new/images/resources/usy2.png]
[gambolthemes.net/workwise-new/images/resources/usy3.png]
[gambolthemes.net/workwise-new/js/jquery.mCustomScrollbar.js]
[gambolthemes.net/workwise-new/js/scrollbar.js]
[gambolthemes.net/workwise-new/index.html]
[gambolthemes.net/workwise-new/images/resources/cmp-icon.png]
[gambolthemes.net/workwise-new/images/resources/cmp-icon1.png]
[gambolthemes.net/workwise-new/images/resources/cmp-icon2.png]
[gambolthemes.net/workwise-new/images/resources/cmp-icon3.png]
[gambolthemes.net/workwise-new/images/resources/cmp-icon4.png]
[gambolthemes.net/workwise-new/images/resources/cmp-icon5.png]
[gambolthemes.net/workwise-new/images/resources/cmp-icon6.png]
[gambolthemes.net/workwise-new/images/resources/cmp-icon7.png]
[gambolthemes.net/workwise-new/images/resources/cmp-icon8.png]
[gambolthemes.net/workwise-new/images/resources/cmp-icon9.png]
[gambolthemes.net/workwise-new/images/resources/cmp-icon10.png]
[gambolthemes.net/workwise-new/images/resources/cmp-icon11.png]
[gambolthemes.net/workwise-new/companies.html]
[gambolthemes.net/workwise-new/images/resources/company-cover.jpg]
[gambolthemes.net/workwise-new/images/resources/company-profile.png]
[gambolthemes.net/workwise-new/images/ic1.png]
[gambolthemes.net/workwise-new/images/ic2.png]
[gambolthemes.net/workwise-new/images/ic3.png]
[gambolthemes.net/workwise-new/images/resources/company-pic.png]
[gambolthemes.net/workwise-new/images/resources/pf-img1.jpg]
[gambolthemes.net/workwise-new/images/all-out.png]
[gambolthemes.net/workwise-new/images/resources/pf-img2.jpg]
[gambolthemes.net/workwise-new/images/resources/pf-img3.jpg]
[gambolthemes.net/workwise-new/images/resources/pf-img4.jpg]
[gambolthemes.net/workwise-new/images/resources/pf-img5.jpg]
[gambolthemes.net/workwise-new/images/resources/pf-img6.jpg]
[gambolthemes.net/workwise-new/images/resources/pf-img7.jpg]
[gambolthemes.net/workwise-new/images/resources/pf-img8.jpg]
[gambolthemes.net/workwise-new/images/resources/pf-img9.jpg]
[gambolthemes.net/workwise-new/images/resources/pf-img10.jpg]
[gambolthemes.net/workwise-new/images/photo-icon.png]
[gambolthemes.net/workwise-new/images/resources/pf-gallery1.png]
[gambolthemes.net/workwise-new/images/resources/pf-gallery2.png]
[gambolthemes.net/workwise-new/images/resources/pf-gallery3.png]
[gambolthemes.net/workwise-new/images/resources/pf-gallery4.png]
[gambolthemes.net/workwise-new/images/resources/pf-gallery5.png]
[gambolthemes.net/workwise-new/images/resources/pf-gallery6.png]
[gambolthemes.net/workwise-new/images/resources/pf-gallery7.png]
[gambolthemes.net/workwise-new/images/resources/pf-gallery8.png]
[gambolthemes.net/workwise-new/images/resources/pf-gallery9.png]
[gambolthemes.net/workwise-new/images/resources/pf-gallery10.png]
[gambolthemes.net/workwise-new/images/resources/pf-gallery11.png]
[gambolthemes.net/workwise-new/images/resources/pf-gallery12.png]
[gambolthemes.net/workwise-new/images/resources/np.png]
[gambolthemes.net/workwise-new/company-profile.html]
[gambolthemes.net/workwise-new/js/jquery.range-min.js]
[gambolthemes.net/workwise-new/projects.html]
[gambolthemes.net/workwise-new/images/resources/cover-img.jpg]
[gambolthemes.net/workwise-new/images/resources/user-pro-img.png]
[gambolthemes.net/workwise-new/user-profile.html]
[gambolthemes.net/workwise-new/images/ic4.png]
[gambolthemes.net/workwise-new/images/ic5.png]
[gambolthemes.net/workwise-new/images/review.png]
[gambolthemes.net/workwise-new/images/ic6.png]
[gambolthemes.net/workwise-new/images/resources/rock.jpg]
[gambolthemes.net/workwise-new/images/com.png]
[gambolthemes.net/workwise-new/images/process-icon.png]
[gambolthemes.net/workwise-new/images/lt-icon.png]
[gambolthemes.net/workwise-new/images/dlr-icon.png]
[gambolthemes.net/workwise-new/images/cc-icon1.png]
[gambolthemes.net/workwise-new/images/cc-icon2.png]
[gambolthemes.net/workwise-new/images/cc-icon3.png]
[gambolthemes.net/workwise-new/images/cc-icon4.png]
[gambolthemes.net/workwise-new/my-profile-feed.html]
[gambolthemes.net/workwise-new/jobs.html]
[gambolthemes.net/workwise-new/images/resources/m-img1.png]
[gambolthemes.net/workwise-new/images/resources/m-img2.png]
[gambolthemes.net/workwise-new/images/resources/m-img3.png]
[gambolthemes.net/workwise-new/images/resources/m-img4.png]
[gambolthemes.net/workwise-new/images/resources/m-img5.png]
[gambolthemes.net/workwise-new/images/resources/m-img6.png]
[gambolthemes.net/workwise-new/images/resources/m-img7.png]
[gambolthemes.net/workwise-new/images/resources/mt-img1.png]
[gambolthemes.net/workwise-new/images/resources/mt-img2.png]
[gambolthemes.net/workwise-new/images/resources/mt-img3.png]
[gambolthemes.net/workwise-new/messages.html]
[gambolthemes.net/workwise-new/images/pro-icon1.png]
[gambolthemes.net/workwise-new/images/pro-icon2.png]
[gambolthemes.net/workwise-new/images/pro-icon3.png]
[gambolthemes.net/workwise-new/images/pro-icon4.png]
[gambolthemes.net/workwise-new/images/resources/r-img1.png]
[gambolthemes.net/workwise-new/images/resources/r-img2.png]
[gambolthemes.net/workwise-new/images/resources/r-img3.png]
[gambolthemes.net/workwise-new/images/resources/r-img4.png]
[gambolthemes.net/workwise-new/images/resources/r-img5.png]
[gambolthemes.net/workwise-new/images/resources/r-img6.png]
[gambolthemes.net/workwise-new/profile-account-setting.html]
[gambolthemes.net/workwise-new/images/cm-logo.png]
[gambolthemes.net/workwise-new/images/cm-main-img.png]
[gambolthemes.net/workwise-new/images/copy-icon.png]
[gambolthemes.net/workwise-new/sign-in.html]
[gambolthemes.net/workwise-new/images/resources/icon1.png]
[gambolthemes.net/workwise-new/images/resources/icon2.png]
[gambolthemes.net/workwise-new/images/resources/formicon.png]
[gambolthemes.net/workwise-new/help-center.html]
[gambolthemes.net/workwise-new/images/about.png]
[gambolthemes.net/workwise-new/images/about3.png]
[gambolthemes.net/workwise-new/images/blog.png]
[gambolthemes.net/workwise-new/images/career.png]
[gambolthemes.net/workwise-new/images/forum.png]
[gambolthemes.net/workwise-new/about.html]
[gambolthemes.net/workwise-new/images/resources/usrr-img1.png]
[gambolthemes.net/workwise-new/images/price1.png]
[gambolthemes.net/workwise-new/images/price2.png]
[gambolthemes.net/workwise-new/images/price3.png]
[gambolthemes.net/workwise-new/images/price4.png]
[gambolthemes.net/workwise-new/images/resources/adver-img.png]
[gambolthemes.net/workwise-new/forum.html]
[gambolthemes.net/workwise-new/fonts/line-awesomeeb4f.svg]
[gambolthemes.net/workwise-new/vendor/fontawesome-free/webfonts/fa-brands-400.svg]
[gambolthemes.net/workwise-new/vendor/fontawesome-free/webfonts/fa-regular-400.svg]
[gambolthemes.net/workwise-new/vendor/fontawesome-free/webfonts/fa-solid-900.svg]
[gambolthemes.net/workwise-new/fonts/fontawesome-webfont3e6e.svg]
[gambolthemes.net/workwise-new/lib/slick/fonts/slick.svg]
[gambolthemes.net/workwise-new/css/jquery.mCustomScrollbar.min.css]
[gambolthemes.net/workwise-new/my-profile.html]
[gambolthemes.net/workwise-new/css/jquery.range.css]
[gambolthemes.net/workwise-new/images/resources/Jassica.html]
